version https://git-lfs.github.com/spec/v1
oid sha256:f18c099786ffbc09f1a6f7a36c3be65775d181315d5dfc39442a86d0aa6606f1
size 200000000
