version https://git-lfs.github.com/spec/v1
oid sha256:cb815acba4ed6bc96fc3e91bc67e2a80af7c2185f431cf5051dafbed4676fa94
size 4
