version https://git-lfs.github.com/spec/v1
oid sha256:3097fc802d49355a0a256d4b07ab9f7257fcf35077cdb8133d59f607fedb229e
size 3
