version https://git-lfs.github.com/spec/v1
oid sha256:e888a676e1926d0c08b5f11fb9116df58b62604b05846f39f8d6fc4dd0ba31f1
size 3
